recovering from video-stream-rg-epoch-29 (epoch=29, P=2112, path readiness=WARM)
video checkpoint image = docker.io/ramp/checkpoint-video-session:video-stream-rg-epoch-29
T_recovery_start=2026-09-22T08:45:57+00:00
--- restoring redis from the epoch artifact ---
restoring redis from epoch=29 position=2112 artifact=minio://checkpoints/ramp-redis-epoch/video-stream-rg-epoch-29.rdb
T_redis_restore_start=2026-09-22T08:45:58+00:00
wrote 509 bytes of checkpoints/ramp-redis-epoch/video-stream-rg-epoch-29.rdb to /home/ubuntu/ramp/evidence/recovery-epoch-qgtp-20260922T084434/redis-epoch-29.rdb
-rw-------    1 redis    redis          509 Sep 22 08:45 /data/dump.rdb
T_redis_ready=2026-09-22T08:46:00+00:00
redis_role=master
redis_restored_position=2112
recovery_point_position=2112
epoch_marker_ramp:epoch:29:position=2112
epoch_marker_ramp:epoch=29
REDIS RESTORED TO EPOCH 29 POSITION 2112 (verified before any application write)
--- restoring video container from the epoch checkpoint image ---
T_video_restore_start=2026-09-22T08:46:01+00:00
T_activation_committed=2026-09-22T08:46:02+00:00
T_video_pod_ready=2026-09-22T08:46:07+00:00
T_video_ready=2026-09-22T08:46:07+00:00
--- releasing the restored application ---
T_video_resumed=2026-09-22T08:46:08+00:00
T_group_ready=2026-09-22T08:46:14+00:00
video_restored_initial_position=2112

==== recovery of video-stream-rg-epoch-29 ====
recovery point position P   = 2112
redis_restored_position=2112
video restored initial pos  = 2112
VIDEO RESTORED AT P
