preparing video-workload01-to-workload02 for video-stream-rg-epoch-38 (epoch 38) on node workload02-md-0-rx5mn-pjkrh
T_prepare_start=2026-09-22T16:05:06+00:00
--- 1/3 staging the checkpoint artifact ---
T_stage_start=2026-09-22T16:05:06+00:00
staging checkpoint-video-session-5c6684c9b7-q2r4b_ramp-demo-video-2026-09-22T16:04:22Z.tar (bucket checkpoints) onto workload02 node workload02-md-0-rx5mn-pjkrh:/var/lib/kubelet/checkpoints
job.batch/ramp-stage-checkpoint-v-d3c14963 created
job.batch/ramp-stage-checkpoint-v-d3c14963 condition met
<string>:13: DeprecationWarning: datetime.datetime.utcnow() is deprecated and scheduled for removal in a future version. Use timezone-aware objects to represent datetimes in UTC: datetime.datetime.now(datetime.UTC).
staged checkpoint-video-session-5c6684c9b7-q2r4b_ramp-demo-video-2026-09-22T16:04:22Z.tar -> /staging/checkpoint-video-session-5c6684c9b7-q2r4b_ramp-demo-video-2026-09-22T16:04:22Z.tar (10556928 bytes)
T_stage_complete=2026-09-22T16:05:13+00:00
--- 2/3 building the CRI checkpoint image on workload02-md-0-rx5mn-pjkrh ---
building docker.io/ramp/checkpoint-video-session:video-stream-rg-epoch-38 from checkpoint-video-session-5c6684c9b7-q2r4b_ramp-demo-video-2026-09-22T16:04:22Z.tar on workload02-md-0-rx5mn-pjkrh
  rewrote rootfs fields -> name=docker.io/library/python:3.12-slim ref=docker.io/library/python:3.12-slim
built OCI checkpoint image archive: /tmp/ramp-ckptimg-qhhmbvri/image.tar (layer 2.7 MB)
  rootfsImageName = docker.io/library/python:3.12-slim
  container.name  = docker.io/ramp/checkpoint-video-session:video-stream-rg-epoch-38
docker.io/ramp/checkpoint video session:	saved	
application/vnd.oci.image.manifest.v1+json sha256:09bf66e43b3e50d6abfb8f5d3b1c1f49c0479ce2a50ead08f17be46e03c7d01d
Importing	elapsed: 0.4 s	total:   0.0 B	(0.0 B/s)
imported docker.io/ramp/checkpoint-video-session:video-stream-rg-epoch-38
checkpoint image: docker.io/ramp/checkpoint-video-session:video-stream-rg-epoch-38
--- 3/3 preparing the activation plan ---
T_prepare_start=2026-09-22T16:05:19+00:00
  updated dr:workload02-dr/video-session/deployment.yaml @ a1a867b7998d
  updated dr:workload02-dr/video-session/svc.yaml @ e046dfae94d4
NAME            SYNC STATUS   HEALTH STATUS
workload02-dr   Synced        Healthy
NAME                            READY   UP-TO-DATE   AVAILABLE   AGE
deployment.apps/video-session   0/0     0            0           10h

NAME                    TYPE       CLUSTER-IP     EXTERNAL-IP   PORT(S)          AGE
service/video-session   NodePort   10.97.18.100   <none>        8080:30808/TCP   10h
T_prepare_complete=2026-09-22T16:05:22+00:00
activation plan prepared for: video-stream-rg-epoch-38 (expected video-stream-rg-epoch-38)
T_prepare_complete=2026-09-22T16:05:24+00:00
CKPT_IMAGE=docker.io/ramp/checkpoint-video-session:video-stream-rg-epoch-38
