T_epoch_requested=2026-09-22T16:15:13+00:00
recoverypoint.ramp.dcn.ssu.ac.kr/video-stream-rg-epoch-45 created
waiting for epoch 45 to reach a terminal phase...
apiVersion: ramp.dcn.ssu.ac.kr/v1alpha1
kind: RecoveryPoint
metadata:
  annotations:
    kubectl.kubernetes.io/last-applied-configuration: |
      {"apiVersion":"ramp.dcn.ssu.ac.kr/v1alpha1","kind":"RecoveryPoint","metadata":{"annotations":{"ramp.dcn.ssu.ac.kr/test-fault-injection":""},"name":"video-stream-rg-epoch-45","namespace":"default"},"spec":{"barrierTimeoutSeconds":30,"captureTimeoutSeconds":300,"epoch":45,"maxPositionSkew":0,"quiesceVerifySeconds":3,"recoveryGroupRef":"video-stream-rg","requiredReplicaAcks":1}}
    ramp.dcn.ssu.ac.kr/test-fault-injection: ""
  creationTimestamp: "2026-09-22T16:15:13Z"
  generation: 1
  name: video-stream-rg-epoch-45
  namespace: default
  resourceVersion: "45725313"
  uid: 70cb4f10-83c6-43f8-b8c7-10d3b1626343
spec:
  barrierTimeoutSeconds: 30
  captureTimeoutSeconds: 300
  epoch: 45
  maxPositionSkew: 0
  quiesceVerifySeconds: 3
  recoveryGroupRef: video-stream-rg
  requiredReplicaAcks: 1
status:
  artifacts:
  - capturedAt: "2026-09-22T16:15:18Z"
    checksum: 54191dc965dd59f3514cc1066446dcbba226dc4d1974d77dca2d260dad32269f
    checksumAlgorithm: sha256
    driver: redis-replication
    epoch: 45
    immutable: true
    logicalPosition: 26430
    member: redis
    message: 'synchronous SAVE on the quiesced primary ramp-demo/redis-primary-579fc4d97c-btgv7;
      BGSAVE_STATUS=ok SIZE=699 '
    ref: minio://checkpoints/ramp-redis-epoch/video-stream-rg-epoch-45.rdb
    replicationId: 0a26d8ade955d288b014d3830f103408cde831cb
    replicationOffset: 3490677
    sizeBytes: 699
    type: redisSnapshot
  - capturedAt: "2026-09-22T16:15:18Z"
    driver: redis-replication
    epoch: 45
    logicalPosition: 26430
    member: redis
    message: 'DIAGNOSTIC ONLY: the live stream keeps advancing after commit and cannot
      identify this epoch; recovery uses the redisSnapshot artifact'
    ref: redis-repl://192.168.28.238:30379/3490677
    replicationId: 0a26d8ade955d288b014d3830f103408cde831cb
    replicationOffset: 3490677
    type: replicationState
  - capturedAt: "2026-09-22T16:15:19Z"
    checksum: 07899c6a1e30f5f81df8622f1cfbcd94
    checksumAlgorithm: etag-md5
    driver: container-checkpoint
    epoch: 45
    immutable: true
    instanceFingerprint: 2fb624e4-3392-4da7-8d57-caf4c4951412
    logicalPosition: 26430
    member: video
    message: kubelet checkpoint took 1.16s while quiesced=true; instance 2fb624e4-3392-4da7-8d57-caf4c4951412
    nodeName: workload01-md-0-4qfvd-gnqcb
    nodePath: /var/lib/kubelet/checkpoints/checkpoint-video-session-5c6684c9b7-q2r4b_ramp-demo-video-2026-09-22T16:15:18Z.tar
    ref: minio://checkpoints/checkpoint-video-session-5c6684c9b7-q2r4b_ramp-demo-video-2026-09-22T16:15:18Z.tar
    sizeBytes: 10559488
    type: containerCheckpoint
  barrier:
    ackedReplicas: 1
    endpoint: 192.168.28.238:30379
    established: true
    establishedAt: "2026-09-22T16:15:18Z"
    markerOffset: 3490677
    message: WAIT 1 acknowledged by 1 replica(s) at replication offset 3490677 (stream
      0a26d8ade955...)
    position: 26430
    replicationId: 0a26d8ade955d288b014d3830f103408cde831cb
    requiredReplicas: 1
  conditions:
  - lastTransitionTime: "2026-09-22T16:15:13Z"
    message: redis primary 192.168.28.238:30379 role=master connectedReplicas=1; artifact
      store bucket checkpoints reachable; checkpoint member ramp-demo/video-session-5c6684c9b7-q2r4b
      reachable on node workload01-md-0-4qfvd-gnqcb
    observedGeneration: 1
    reason: PrerequisitesMet
    status: "True"
    type: Prepared
  - lastTransitionTime: "2026-09-22T16:15:18Z"
    message: position held at 26430 across 2 samples 3s apart
    observedGeneration: 1
    reason: QuiesceStage
    status: "True"
    type: ApplicationQuiesced
  - lastTransitionTime: "2026-09-22T16:15:18Z"
    message: WAIT 1 acknowledged by 1 replica(s) at replication offset 3490677 (stream
      0a26d8ade955...)
    observedGeneration: 1
    reason: ReplicaAcknowledged
    status: "True"
    type: RedisBarrierEstablished
  - lastTransitionTime: "2026-09-22T16:15:18Z"
    message: immutable RDB minio://checkpoints/ramp-redis-epoch/video-stream-rg-epoch-45.rdb
      (699 bytes, sha256 54191dc965dd...) frozen at position 26430
    observedGeneration: 1
    reason: SnapshotUploaded
    status: "True"
    type: RedisStateCaptured
  - lastTransitionTime: "2026-09-22T16:15:23Z"
    message: immutable checkpoint minio://checkpoints/checkpoint-video-session-5c6684c9b7-q2r4b_ramp-demo-video-2026-09-22T16:15:18Z.tar
      (10559488 bytes) at position 26430
    observedGeneration: 1
    reason: CheckpointLanded
    status: "True"
    type: VideoStateCaptured
  - lastTransitionTime: "2026-09-22T16:15:23Z"
    message: video checkpoint and immutable redis snapshot both belong to epoch 45
      at logical position 26430 (skew 0)
    observedGeneration: 1
    reason: ConsistentAcrossDrivers
    status: "True"
    type: Validated
  - lastTransitionTime: "2026-09-22T16:15:23Z"
    message: epoch 45 committed at logical position 26430 with 2 immutable artifacts
    observedGeneration: 1
    reason: EpochCommitted
    status: "True"
    type: Committed
  - lastTransitionTime: "2026-09-22T16:15:23Z"
    message: the source application was released after the epoch finished
    observedGeneration: 1
    reason: Resumed
    status: "True"
    type: ApplicationResumed
  lastSuccessfulStage: Committed
  logicalPosition: 26430
  message: epoch 45 committed at logical position 26430 with 2 immutable artifacts
  phase: Committed
  quiesce:
    instanceFingerprint: 2fb624e4-3392-4da7-8d57-caf4c4951412
    message: position held at 26430 across 2 samples 3s apart
    position: 26430
    quiesced: false
    quiescedAt: "2026-09-22T16:15:18Z"
    resumedAt: "2026-09-22T16:15:23Z"
    verifySamples:
    - 26430
    - 26430
  runId: ab0f07f5-414f-43fd-b993-92bf8621b61f
  timings:
    barrierReached: "2026-09-22T16:15:18Z"
    captureComplete: "2026-09-22T16:15:23Z"
    captureStart: "2026-09-22T16:15:18Z"
    commitTime: "2026-09-22T16:15:23Z"
    prepareStart: "2026-09-22T16:15:13Z"
    quiesceComplete: "2026-09-22T16:15:18Z"
    quiesceStart: "2026-09-22T16:15:13Z"
    redisSnapshotComplete: "2026-09-22T16:15:18Z"
    redisSnapshotStart: "2026-09-22T16:15:18Z"
    resumeTime: "2026-09-22T16:15:23Z"
    validateComplete: "2026-09-22T16:15:23Z"
    videoCheckpointComplete: "2026-09-22T16:15:23Z"
    videoCheckpointStart: "2026-09-22T16:15:18Z"
  validation:
    checkpointPosition: 26430
    checks:
    - detail: quiesced=true at position 26430, samples [26430 26430]
      name: ApplicationQuiescedAtP
      passed: true
    - detail: WAIT 1 -> 1 acks at offset 3490677 for position 26430
      name: RedisBarrierAcknowledgedP
      passed: true
    - detail: minio://checkpoints/ramp-redis-epoch/video-stream-rg-epoch-45.rdb immutable=true
        checksum=54191dc965dd...
      name: RedisArtifactExists
      passed: true
    - detail: minio://checkpoints/checkpoint-video-session-5c6684c9b7-q2r4b_ramp-demo-video-2026-09-22T16:15:18Z.tar
        immutable=true checksum=07899c6a1e30...
      name: VideoArtifactExists
      passed: true
    - detail: ramp-redis-epoch/video-stream-rg-epoch-45.rdb present in checkpoints
      name: RedisArtifactReadable
      passed: true
    - detail: all artifacts stamped epoch=45
      name: ArtifactsShareEpoch
      passed: true
    - detail: checkpoint metadata logical position 26430 vs epoch position 26430
      name: VideoArtifactPositionIsP
      passed: true
    - detail: redis snapshot logical position 26430 vs epoch position 26430
      name: RedisArtifactPositionIsP
      passed: true
    - detail: observed skew 0, tolerance 0
      name: CrossMemberSkewWithinTolerance
      passed: true
    - detail: 2 immutable artifacts for 2 members
      name: EveryMemberRepresented
      passed: true
    message: video checkpoint and immutable redis snapshot both belong to epoch 45
      at logical position 26430 (skew 0)
    reason: ConsistentAcrossDrivers
    redisSnapshotPosition: 26430
    replicatedPosition: 26430
    validated: true
T_epoch_observed=2026-09-22T16:15:24+00:00
recovery_point=video-stream-rg-epoch-45
