########## experiment: MODE=poll ##########
recovery point=video-stream-rg-epoch-14
unprepared: target deployment absent
mode=baseline  evidence -> /home/ubuntu/ramp/evidence/scenario1/recovery-20260922T053418
{"session": "cfe76341-83b6-4c3d-abd6-39219cecc3ec", "position": 64, "frames_decoded": 1920, "frames_per_tick": 30, "ring_head": "962011accdbf", "redis_linked": true, "uptime_s": 64.7, "ts": 1790055258.7040162}
T_failure=2026-09-22T05:34:18+00:00 epoch=1790055258.718
T_failure_complete=2026-09-22T05:34:50+00:00 epoch=1790055290.723
T_recovery_start=2026-09-22T05:34:50+00:00 epoch=1790055290.731
T_redis_ready=2026-09-22T05:34:51+00:00 epoch=1790055291.207
T_git_committed=2026-09-22T05:36:59+00:00 epoch=1790055419.560
WARNING: activation not observed within the wait window
T_argocd_applied=2026-09-22T05:38:21+00:00 epoch=1790055501.766
T_pod_ready=2026-09-22T05:39:38+00:00 epoch=1790055578.309
T_app_ready=2026-09-22T05:39:41+00:00 epoch=1790055581.825
RecoveryPoint video-stream-rg-epoch-14: instance=cfe76341-83b6-4c3d-abd6-39219cecc3ec position=5
  PASS  VideoServing            endpoint answers with valid state
  PASS  InstanceRestored        session cfe76341-83b6-4c3d-abd6-39219cecc3ec matches the checkpoint
  PASS  ResumedFromCheckpoint   position 387 >= checkpoint position 5
  PASS  DecodeInvariant         frames_decoded=11610 == position*30
  PASS  StreamAdvancing         position 387 -> 391 over 3s
  PASS  RedisPrimaryRole        redis at 192.168.28.122:30380 is master
  PASS  DistributedConsistency  video=391 redis=391 skew=0 (<= 3)
  PASS  WriteDatapath           redis session key written by the restored instance
  PASS  RedisLinkUp             restored video is connected to redis
verdict: GROUP-HEALTHY (9 passed, 0 failed)

===== RECOVERY BREAKDOWN =====
  failure detection window           32.0s
  redis promotion                    0.5s
  git commit (activate)              128.4s
  argocd sync + apply                82.2s
  pod ready (restore)                76.5s
  pod ready -> APPLICATION ready     3.5s
    (of which: probe dwell)          1.0s
  ----------------------------------
  RTO to pod ready                   287.6s
  RTO to APPLICATION ready           291.1s
