########## experiment: MODE=baseline ##########
recovery point=video-stream-rg-epoch-13
unprepared: target deployment absent
mode=baseline  evidence -> /home/ubuntu/ramp/evidence/scenario1/recovery-20260922T053140
{"session": "be8f143b-2293-4a2f-86a4-3db45661b271", "position": 62, "frames_decoded": 1860, "frames_per_tick": 30, "ring_head": "1b20179e7202", "redis_linked": true, "uptime_s": 62.5, "ts": 1790055101.0050592}
T_failure=2026-09-22T05:31:41+00:00 epoch=1790055101.021
T_failure_complete=2026-09-22T05:32:12+00:00 epoch=1790055132.176
T_recovery_start=2026-09-22T05:32:12+00:00 epoch=1790055132.182
T_redis_ready=2026-09-22T05:32:12+00:00 epoch=1790055132.651
T_git_committed=2026-09-22T05:32:17+00:00 epoch=1790055137.034
T_argocd_applied=2026-09-22T05:32:17+00:00 epoch=1790055137.356
T_pod_ready=2026-09-22T05:32:19+00:00 epoch=1790055139.129
T_app_ready=2026-09-22T05:32:20+00:00 epoch=1790055140.714
RecoveryPoint video-stream-rg-epoch-13: instance=be8f143b-2293-4a2f-86a4-3db45661b271 position=3
  PASS  VideoServing            endpoint answers with valid state
  PASS  InstanceRestored        session be8f143b-2293-4a2f-86a4-3db45661b271 matches the checkpoint
  PASS  ResumedFromCheckpoint   position 102 >= checkpoint position 3
  PASS  DecodeInvariant         frames_decoded=3060 == position*30
  PASS  StreamAdvancing         position 102 -> 105 over 3s
  PASS  RedisPrimaryRole        redis at 192.168.28.122:30380 is master
  PASS  DistributedConsistency  video=105 redis=105 skew=0 (<= 3)
  PASS  WriteDatapath           redis session key written by the restored instance
  PASS  RedisLinkUp             restored video is connected to redis
verdict: GROUP-HEALTHY (9 passed, 0 failed)

===== RECOVERY BREAKDOWN =====
  failure detection window           31.2s
  redis promotion                    0.5s
  git commit (activate)              4.4s
  argocd sync + apply                0.3s
  pod ready (restore)                1.8s
  pod ready -> APPLICATION ready     1.6s
    (of which: probe dwell)          1.0s
  ----------------------------------
  RTO to pod ready                   6.9s
  RTO to APPLICATION ready           8.5s
