T_epoch_requested=2026-09-23T00:37:08+00:00
recoverypoint.ramp.dcn.ssu.ac.kr/video-stream-rg-epoch-56 created
waiting for epoch 56 to reach a terminal phase...
apiVersion: ramp.dcn.ssu.ac.kr/v1alpha1
kind: RecoveryPoint
metadata:
  annotations:
    kubectl.kubernetes.io/last-applied-configuration: |
      {"apiVersion":"ramp.dcn.ssu.ac.kr/v1alpha1","kind":"RecoveryPoint","metadata":{"annotations":{"ramp.dcn.ssu.ac.kr/test-fault-injection":""},"name":"video-stream-rg-epoch-56","namespace":"default"},"spec":{"barrierTimeoutSeconds":30,"captureTimeoutSeconds":300,"epoch":56,"maxPositionSkew":0,"quiesceVerifySeconds":3,"recoveryGroupRef":"video-stream-rg","requiredReplicaAcks":1}}
    ramp.dcn.ssu.ac.kr/test-fault-injection: ""
  creationTimestamp: "2026-09-23T00:37:09Z"
  generation: 1
  name: video-stream-rg-epoch-56
  namespace: default
  resourceVersion: "46003516"
  uid: 6f11b8ea-f7df-4142-973a-0499bd6938bf
spec:
  barrierTimeoutSeconds: 30
  captureTimeoutSeconds: 300
  epoch: 56
  maxPositionSkew: 0
  quiesceVerifySeconds: 3
  recoveryGroupRef: video-stream-rg
  requiredReplicaAcks: 1
status:
  artifacts:
  - capturedAt: "2026-09-23T00:37:14Z"
    checksum: dc9846eb4f4d26d71b5bc44e4394342e818fa49e1e0101002b70692497c92136
    checksumAlgorithm: sha256
    driver: redis-replication
    epoch: 56
    immutable: true
    logicalPosition: 28870
    member: redis
    message: 'synchronous SAVE on the quiesced primary ramp-demo/redis-primary-579fc4d97c-cdsf4;
      BGSAVE_STATUS=ok SIZE=488 '
    ref: minio://checkpoints/ramp-redis-epoch/video-stream-rg-epoch-56.rdb
    replicationId: d030c0bb78260203efad78b5e316deb9e4de84af
    replicationOffset: 3812081
    sizeBytes: 488
    type: redisSnapshot
  - capturedAt: "2026-09-23T00:37:14Z"
    driver: redis-replication
    epoch: 56
    logicalPosition: 28870
    member: redis
    message: 'DIAGNOSTIC ONLY: the live stream keeps advancing after commit and cannot
      identify this epoch; recovery uses the redisSnapshot artifact'
    ref: redis-repl://192.168.28.238:30379/3812081
    replicationId: d030c0bb78260203efad78b5e316deb9e4de84af
    replicationOffset: 3812081
    type: replicationState
  - capturedAt: "2026-09-23T00:37:15Z"
    checksum: d411bf3c8c8aa4ad47bdeb8a0a0c90ad
    checksumAlgorithm: etag-md5
    driver: container-checkpoint
    epoch: 56
    immutable: true
    instanceFingerprint: 831844db-d532-43d9-93ae-be3f3f95b0d0
    logicalPosition: 28870
    member: video
    message: kubelet checkpoint took 1.112s while quiesced=true; instance 831844db-d532-43d9-93ae-be3f3f95b0d0
    nodeName: workload01-md-0-4qfvd-gnqcb
    nodePath: /var/lib/kubelet/checkpoints/checkpoint-video-session-5c6684c9b7-l2hbw_ramp-demo-video-2026-09-23T00:37:14Z.tar
    ref: minio://checkpoints/checkpoint-video-session-5c6684c9b7-l2hbw_ramp-demo-video-2026-09-23T00:37:14Z.tar
    sizeBytes: 10566144
    type: containerCheckpoint
  barrier:
    ackedReplicas: 1
    endpoint: 192.168.28.238:30379
    established: true
    establishedAt: "2026-09-23T00:37:14Z"
    markerOffset: 3812081
    message: WAIT 1 acknowledged by 1 replica(s) at replication offset 3812081 (stream
      d030c0bb7826...)
    position: 28870
    replicationId: d030c0bb78260203efad78b5e316deb9e4de84af
    requiredReplicas: 1
  conditions:
  - lastTransitionTime: "2026-09-23T00:37:09Z"
    message: redis primary 192.168.28.238:30379 role=master connectedReplicas=1; artifact
      store bucket checkpoints reachable; checkpoint member ramp-demo/video-session-5c6684c9b7-l2hbw
      reachable on node workload01-md-0-4qfvd-gnqcb
    observedGeneration: 1
    reason: PrerequisitesMet
    status: "True"
    type: Prepared
  - lastTransitionTime: "2026-09-23T00:37:14Z"
    message: position held at 28870 across 2 samples 3s apart
    observedGeneration: 1
    reason: QuiesceStage
    status: "True"
    type: ApplicationQuiesced
  - lastTransitionTime: "2026-09-23T00:37:14Z"
    message: WAIT 1 acknowledged by 1 replica(s) at replication offset 3812081 (stream
      d030c0bb7826...)
    observedGeneration: 1
    reason: ReplicaAcknowledged
    status: "True"
    type: RedisBarrierEstablished
  - lastTransitionTime: "2026-09-23T00:37:14Z"
    message: immutable RDB minio://checkpoints/ramp-redis-epoch/video-stream-rg-epoch-56.rdb
      (488 bytes, sha256 dc9846eb4f4d...) frozen at position 28870
    observedGeneration: 1
    reason: SnapshotUploaded
    status: "True"
    type: RedisStateCaptured
  - lastTransitionTime: "2026-09-23T00:37:20Z"
    message: immutable checkpoint minio://checkpoints/checkpoint-video-session-5c6684c9b7-l2hbw_ramp-demo-video-2026-09-23T00:37:14Z.tar
      (10566144 bytes) at position 28870
    observedGeneration: 1
    reason: CheckpointLanded
    status: "True"
    type: VideoStateCaptured
  - lastTransitionTime: "2026-09-23T00:37:20Z"
    message: video checkpoint and immutable redis snapshot both belong to epoch 56
      at logical position 28870 (skew 0)
    observedGeneration: 1
    reason: ConsistentAcrossDrivers
    status: "True"
    type: Validated
  - lastTransitionTime: "2026-09-23T00:37:20Z"
    message: epoch 56 committed at logical position 28870 with 2 immutable artifacts
    observedGeneration: 1
    reason: EpochCommitted
    status: "True"
    type: Committed
  - lastTransitionTime: "2026-09-23T00:37:20Z"
    message: the source application was released after the epoch finished
    observedGeneration: 1
    reason: Resumed
    status: "True"
    type: ApplicationResumed
  lastSuccessfulStage: Committed
  logicalPosition: 28870
  message: epoch 56 committed at logical position 28870 with 2 immutable artifacts
  phase: Committed
  quiesce:
    instanceFingerprint: 831844db-d532-43d9-93ae-be3f3f95b0d0
    message: position held at 28870 across 2 samples 3s apart
    position: 28870
    quiesced: false
    quiescedAt: "2026-09-23T00:37:14Z"
    resumedAt: "2026-09-23T00:37:20Z"
    verifySamples:
    - 28870
    - 28870
  runId: d8741f01-4387-47a6-bcf7-14e9817db581
  timings:
    barrierReached: "2026-09-23T00:37:14Z"
    captureComplete: "2026-09-23T00:37:20Z"
    captureStart: "2026-09-23T00:37:14Z"
    commitTime: "2026-09-23T00:37:20Z"
    prepareStart: "2026-09-23T00:37:09Z"
    quiesceComplete: "2026-09-23T00:37:14Z"
    quiesceStart: "2026-09-23T00:37:09Z"
    redisSnapshotComplete: "2026-09-23T00:37:14Z"
    redisSnapshotStart: "2026-09-23T00:37:14Z"
    resumeTime: "2026-09-23T00:37:20Z"
    validateComplete: "2026-09-23T00:37:20Z"
    videoCheckpointComplete: "2026-09-23T00:37:20Z"
    videoCheckpointStart: "2026-09-23T00:37:14Z"
  validation:
    checkpointPosition: 28870
    checks:
    - detail: quiesced=true at position 28870, samples [28870 28870]
      name: ApplicationQuiescedAtP
      passed: true
    - detail: WAIT 1 -> 1 acks at offset 3812081 for position 28870
      name: RedisBarrierAcknowledgedP
      passed: true
    - detail: minio://checkpoints/ramp-redis-epoch/video-stream-rg-epoch-56.rdb immutable=true
        checksum=dc9846eb4f4d...
      name: RedisArtifactExists
      passed: true
    - detail: minio://checkpoints/checkpoint-video-session-5c6684c9b7-l2hbw_ramp-demo-video-2026-09-23T00:37:14Z.tar
        immutable=true checksum=d411bf3c8c8a...
      name: VideoArtifactExists
      passed: true
    - detail: ramp-redis-epoch/video-stream-rg-epoch-56.rdb present in checkpoints
      name: RedisArtifactReadable
      passed: true
    - detail: all artifacts stamped epoch=56
      name: ArtifactsShareEpoch
      passed: true
    - detail: checkpoint metadata logical position 28870 vs epoch position 28870
      name: VideoArtifactPositionIsP
      passed: true
    - detail: redis snapshot logical position 28870 vs epoch position 28870
      name: RedisArtifactPositionIsP
      passed: true
    - detail: observed skew 0, tolerance 0
      name: CrossMemberSkewWithinTolerance
      passed: true
    - detail: 2 immutable artifacts for 2 members
      name: EveryMemberRepresented
      passed: true
    message: video checkpoint and immutable redis snapshot both belong to epoch 56
      at logical position 28870 (skew 0)
    reason: ConsistentAcrossDrivers
    redisSnapshotPosition: 28870
    replicatedPosition: 28870
    validated: true
T_epoch_observed=2026-09-23T00:37:22+00:00
recovery_point=video-stream-rg-epoch-56
