recovering from video-stream-rg-epoch-56 (epoch=56, P=28870, path readiness=WARM)
video checkpoint image = docker.io/ramp/checkpoint-video-session:video-stream-rg-epoch-56
T_recovery_start=2026-09-23T00:38:33+00:00
--- restoring redis from the epoch artifact ---
restoring redis from epoch=56 position=28870 artifact=minio://checkpoints/ramp-redis-epoch/video-stream-rg-epoch-56.rdb
T_redis_restore_start=2026-09-23T00:38:34+00:00
wrote 488 bytes of checkpoints/ramp-redis-epoch/video-stream-rg-epoch-56.rdb to /home/ubuntu/ramp/evidence/recovery-epoch-qgtp-20260923T003708/redis-epoch-56.rdb
-rw-------    1 redis    redis          488 Sep 23 00:38 /data/dump.rdb
T_redis_ready=2026-09-23T00:38:36+00:00
redis_role=master
redis_restored_position=28870
recovery_point_position=28870
epoch_marker_ramp:epoch:56:position=28870
epoch_marker_ramp:epoch=56
REDIS RESTORED TO EPOCH 56 POSITION 28870 (verified before any application write)
--- restoring video container from the epoch checkpoint image ---
T_video_restore_start=2026-09-23T00:38:37+00:00
T_activation_committed=2026-09-23T00:38:39+00:00
T_video_pod_ready=2026-09-23T00:38:44+00:00
T_video_ready=2026-09-23T00:38:44+00:00
--- releasing the restored application ---
T_video_resumed=2026-09-23T00:38:45+00:00
T_group_ready=2026-09-23T00:38:51+00:00
video_restored_initial_position=28870

==== recovery of video-stream-rg-epoch-56 ====
recovery point position P   = 28870
redis_restored_position=28870
video restored initial pos  = 28870
VIDEO RESTORED AT P
