T_epoch_requested=2026-09-22T07:52:30+00:00
recoverypoint.ramp.dcn.ssu.ac.kr/video-stream-rg-epoch-17 created
waiting for epoch 17 to reach a terminal phase...
apiVersion: ramp.dcn.ssu.ac.kr/v1alpha1
kind: RecoveryPoint
metadata:
  annotations:
    kubectl.kubernetes.io/last-applied-configuration: |
      {"apiVersion":"ramp.dcn.ssu.ac.kr/v1alpha1","kind":"RecoveryPoint","metadata":{"annotations":{},"name":"video-stream-rg-epoch-17","namespace":"default"},"spec":{"barrierTimeoutSeconds":30,"captureTimeoutSeconds":300,"epoch":17,"maxPositionSkew":0,"quiesceVerifySeconds":3,"recoveryGroupRef":"video-stream-rg","requiredReplicaAcks":1}}
  creationTimestamp: "2026-09-22T07:52:31Z"
  generation: 1
  name: video-stream-rg-epoch-17
  namespace: default
  resourceVersion: "45473651"
  uid: d110af2f-dada-4733-ad52-ef3754129d2a
spec:
  barrierTimeoutSeconds: 30
  captureTimeoutSeconds: 300
  epoch: 17
  maxPositionSkew: 0
  quiesceVerifySeconds: 3
  recoveryGroupRef: video-stream-rg
  requiredReplicaAcks: 1
status:
  artifacts:
  - capturedAt: "2026-09-22T07:52:35Z"
    checksum: ff1c5c8be26283059b267bee543fc18b1bdea16243bde5b5bcf3592811a192a5
    checksumAlgorithm: sha256
    driver: redis-replication
    epoch: 17
    immutable: true
    logicalPosition: 110
    member: redis
    message: 'synchronous SAVE on the quiesced primary ramp-demo/redis-primary-579fc4d97c-jc68f;
      BGSAVE_STATUS=ok SIZE=321 '
    ref: minio://checkpoints/ramp-redis-epoch/video-stream-rg-epoch-17.rdb
    replicationId: fe81ea130432c5df241ace5371e9a46704bed766
    replicationOffset: 13671
    sizeBytes: 321
    type: redisSnapshot
  - capturedAt: "2026-09-22T07:52:35Z"
    driver: redis-replication
    epoch: 17
    logicalPosition: 110
    member: redis
    message: 'DIAGNOSTIC ONLY: the live stream keeps advancing after commit and cannot
      identify this epoch; recovery uses the redisSnapshot artifact'
    ref: redis-repl://192.168.28.238:30379/13671
    replicationId: fe81ea130432c5df241ace5371e9a46704bed766
    replicationOffset: 13671
    type: replicationState
  - capturedAt: "2026-09-22T07:52:36Z"
    checksum: 9819529bb050d15a6f60cb28b95fa5c4
    checksumAlgorithm: etag-md5
    driver: container-checkpoint
    epoch: 17
    immutable: true
    instanceFingerprint: f484ea09-71d3-4893-9a89-16c8d19c2450
    logicalPosition: 110
    member: video
    message: kubelet checkpoint took 1.467s while quiesced=true; instance f484ea09-71d3-4893-9a89-16c8d19c2450
    nodeName: workload01-md-0-4qfvd-gnqcb
    nodePath: /var/lib/kubelet/checkpoints/checkpoint-video-session-57bb79d476-2d4wb_ramp-demo-video-2026-09-22T07:52:35Z.tar
    ref: minio://checkpoints/checkpoint-video-session-57bb79d476-2d4wb_ramp-demo-video-2026-09-22T07:52:35Z.tar
    sizeBytes: 10442752
    type: containerCheckpoint
  barrier:
    ackedReplicas: 1
    endpoint: 192.168.28.238:30379
    established: true
    establishedAt: "2026-09-22T07:52:35Z"
    markerOffset: 13671
    message: WAIT 1 acknowledged by 1 replica(s) at replication offset 13671 (stream
      fe81ea130432...)
    position: 110
    replicationId: fe81ea130432c5df241ace5371e9a46704bed766
    requiredReplicas: 1
  conditions:
  - lastTransitionTime: "2026-09-22T07:52:31Z"
    message: redis primary 192.168.28.238:30379 role=master connectedReplicas=1; artifact
      store bucket checkpoints reachable; checkpoint member ramp-demo/video-session-57bb79d476-2d4wb
      reachable on node workload01-md-0-4qfvd-gnqcb
    observedGeneration: 1
    reason: PrerequisitesMet
    status: "True"
    type: Prepared
  - lastTransitionTime: "2026-09-22T07:52:35Z"
    message: position held at 110 across 2 samples 3s apart
    observedGeneration: 1
    reason: QuiesceStage
    status: "True"
    type: ApplicationQuiesced
  - lastTransitionTime: "2026-09-22T07:52:35Z"
    message: WAIT 1 acknowledged by 1 replica(s) at replication offset 13671 (stream
      fe81ea130432...)
    observedGeneration: 1
    reason: ReplicaAcknowledged
    status: "True"
    type: RedisBarrierEstablished
  - lastTransitionTime: "2026-09-22T07:52:35Z"
    message: immutable RDB minio://checkpoints/ramp-redis-epoch/video-stream-rg-epoch-17.rdb
      (321 bytes, sha256 ff1c5c8be262...) frozen at position 110
    observedGeneration: 1
    reason: SnapshotUploaded
    status: "True"
    type: RedisStateCaptured
  - lastTransitionTime: "2026-09-22T07:52:41Z"
    message: immutable checkpoint minio://checkpoints/checkpoint-video-session-57bb79d476-2d4wb_ramp-demo-video-2026-09-22T07:52:35Z.tar
      (10442752 bytes) at position 110
    observedGeneration: 1
    reason: CheckpointLanded
    status: "True"
    type: VideoStateCaptured
  - lastTransitionTime: "2026-09-22T07:52:41Z"
    message: video checkpoint and immutable redis snapshot both belong to epoch 17
      at logical position 110 (skew 0)
    observedGeneration: 1
    reason: ConsistentAcrossDrivers
    status: "True"
    type: Validated
  - lastTransitionTime: "2026-09-22T07:52:41Z"
    message: epoch 17 committed at logical position 110 with 2 immutable artifacts
    observedGeneration: 1
    reason: EpochCommitted
    status: "True"
    type: Committed
  - lastTransitionTime: "2026-09-22T07:52:41Z"
    message: the source application was released after the epoch finished
    observedGeneration: 1
    reason: Resumed
    status: "True"
    type: ApplicationResumed
  lastSuccessfulStage: Committed
  logicalPosition: 110
  message: epoch 17 committed at logical position 110 with 2 immutable artifacts
  phase: Committed
  quiesce:
    instanceFingerprint: f484ea09-71d3-4893-9a89-16c8d19c2450
    message: position held at 110 across 2 samples 3s apart
    position: 110
    quiesced: false
    quiescedAt: "2026-09-22T07:52:35Z"
    resumedAt: "2026-09-22T07:52:41Z"
    verifySamples:
    - 110
    - 110
  runId: 70f294c8-030b-45be-aa72-9c8804ee37aa
  timings:
    barrierReached: "2026-09-22T07:52:35Z"
    captureComplete: "2026-09-22T07:52:41Z"
    captureStart: "2026-09-22T07:52:35Z"
    commitTime: "2026-09-22T07:52:41Z"
    prepareStart: "2026-09-22T07:52:31Z"
    quiesceComplete: "2026-09-22T07:52:35Z"
    quiesceStart: "2026-09-22T07:52:31Z"
    redisSnapshotComplete: "2026-09-22T07:52:35Z"
    redisSnapshotStart: "2026-09-22T07:52:35Z"
    resumeTime: "2026-09-22T07:52:41Z"
    validateComplete: "2026-09-22T07:52:41Z"
    videoCheckpointComplete: "2026-09-22T07:52:41Z"
    videoCheckpointStart: "2026-09-22T07:52:35Z"
  validation:
    checkpointPosition: 110
    checks:
    - detail: quiesced=true at position 110, samples [110 110]
      name: ApplicationQuiescedAtP
      passed: true
    - detail: WAIT 1 -> 1 acks at offset 13671 for position 110
      name: RedisBarrierAcknowledgedP
      passed: true
    - detail: minio://checkpoints/ramp-redis-epoch/video-stream-rg-epoch-17.rdb immutable=true
        checksum=ff1c5c8be262...
      name: RedisArtifactExists
      passed: true
    - detail: minio://checkpoints/checkpoint-video-session-57bb79d476-2d4wb_ramp-demo-video-2026-09-22T07:52:35Z.tar
        immutable=true checksum=9819529bb050...
      name: VideoArtifactExists
      passed: true
    - detail: ramp-redis-epoch/video-stream-rg-epoch-17.rdb present in checkpoints
      name: RedisArtifactReadable
      passed: true
    - detail: all artifacts stamped epoch=17
      name: ArtifactsShareEpoch
      passed: true
    - detail: checkpoint metadata logical position 110 vs epoch position 110
      name: VideoArtifactPositionIsP
      passed: true
    - detail: redis snapshot logical position 110 vs epoch position 110
      name: RedisArtifactPositionIsP
      passed: true
    - detail: observed skew 0, tolerance 0
      name: CrossMemberSkewWithinTolerance
      passed: true
    - detail: 2 immutable artifacts for 2 members
      name: EveryMemberRepresented
      passed: true
    message: video checkpoint and immutable redis snapshot both belong to epoch 17
      at logical position 110 (skew 0)
    reason: ConsistentAcrossDrivers
    redisSnapshotPosition: 110
    replicatedPosition: 110
    validated: true
T_epoch_observed=2026-09-22T07:52:42+00:00
recovery_point=video-stream-rg-epoch-17
