T_epoch_requested=2026-09-23T00:30:51+00:00
recoverypoint.ramp.dcn.ssu.ac.kr/video-stream-rg-epoch-50 created
waiting for epoch 50 to reach a terminal phase...
apiVersion: ramp.dcn.ssu.ac.kr/v1alpha1
kind: RecoveryPoint
metadata:
  annotations:
    kubectl.kubernetes.io/last-applied-configuration: |
      {"apiVersion":"ramp.dcn.ssu.ac.kr/v1alpha1","kind":"RecoveryPoint","metadata":{"annotations":{"ramp.dcn.ssu.ac.kr/test-fault-injection":""},"name":"video-stream-rg-epoch-50","namespace":"default"},"spec":{"barrierTimeoutSeconds":30,"captureTimeoutSeconds":300,"epoch":50,"maxPositionSkew":0,"quiesceVerifySeconds":3,"recoveryGroupRef":"video-stream-rg","requiredReplicaAcks":1}}
    ramp.dcn.ssu.ac.kr/test-fault-injection: ""
  creationTimestamp: "2026-09-23T00:30:51Z"
  generation: 1
  name: video-stream-rg-epoch-50
  namespace: default
  resourceVersion: "46000286"
  uid: d3d92314-b8cb-4baf-9dc0-4b5757835036
spec:
  barrierTimeoutSeconds: 30
  captureTimeoutSeconds: 300
  epoch: 50
  maxPositionSkew: 0
  quiesceVerifySeconds: 3
  recoveryGroupRef: video-stream-rg
  requiredReplicaAcks: 1
status:
  artifacts:
  - capturedAt: "2026-09-23T00:30:56Z"
    checksum: 57018234054a09d2dbb5f140545fb4da6f14be69c87c06ac89dbc599c40f5fcb
    checksumAlgorithm: sha256
    driver: redis-replication
    epoch: 50
    immutable: true
    logicalPosition: 28551
    member: redis
    message: 'synchronous SAVE on the quiesced primary ramp-demo/redis-primary-579fc4d97c-cdsf4;
      BGSAVE_STATUS=ok SIZE=326 '
    ref: minio://checkpoints/ramp-redis-epoch/video-stream-rg-epoch-50.rdb
    replicationId: d030c0bb78260203efad78b5e316deb9e4de84af
    replicationOffset: 3768725
    sizeBytes: 326
    type: redisSnapshot
  - capturedAt: "2026-09-23T00:30:56Z"
    driver: redis-replication
    epoch: 50
    logicalPosition: 28551
    member: redis
    message: 'DIAGNOSTIC ONLY: the live stream keeps advancing after commit and cannot
      identify this epoch; recovery uses the redisSnapshot artifact'
    ref: redis-repl://192.168.28.238:30379/3768725
    replicationId: d030c0bb78260203efad78b5e316deb9e4de84af
    replicationOffset: 3768725
    type: replicationState
  - capturedAt: "2026-09-23T00:30:57Z"
    checksum: c82fae1d6e81c972517e3a222cf29138
    checksumAlgorithm: etag-md5
    driver: container-checkpoint
    epoch: 50
    immutable: true
    instanceFingerprint: 831844db-d532-43d9-93ae-be3f3f95b0d0
    logicalPosition: 28551
    member: video
    message: kubelet checkpoint took 1.3s while quiesced=true; instance 831844db-d532-43d9-93ae-be3f3f95b0d0
    nodeName: workload01-md-0-4qfvd-gnqcb
    nodePath: /var/lib/kubelet/checkpoints/checkpoint-video-session-5c6684c9b7-l2hbw_ramp-demo-video-2026-09-23T00:30:56Z.tar
    ref: minio://checkpoints/checkpoint-video-session-5c6684c9b7-l2hbw_ramp-demo-video-2026-09-23T00:30:56Z.tar
    sizeBytes: 10564096
    type: containerCheckpoint
  barrier:
    ackedReplicas: 1
    endpoint: 192.168.28.238:30379
    established: true
    establishedAt: "2026-09-23T00:30:55Z"
    markerOffset: 3768725
    message: WAIT 1 acknowledged by 1 replica(s) at replication offset 3768725 (stream
      d030c0bb7826...)
    position: 28551
    replicationId: d030c0bb78260203efad78b5e316deb9e4de84af
    requiredReplicas: 1
  conditions:
  - lastTransitionTime: "2026-09-23T00:30:51Z"
    message: redis primary 192.168.28.238:30379 role=master connectedReplicas=1; artifact
      store bucket checkpoints reachable; checkpoint member ramp-demo/video-session-5c6684c9b7-l2hbw
      reachable on node workload01-md-0-4qfvd-gnqcb
    observedGeneration: 1
    reason: PrerequisitesMet
    status: "True"
    type: Prepared
  - lastTransitionTime: "2026-09-23T00:30:55Z"
    message: position held at 28551 across 2 samples 3s apart
    observedGeneration: 1
    reason: QuiesceStage
    status: "True"
    type: ApplicationQuiesced
  - lastTransitionTime: "2026-09-23T00:30:55Z"
    message: WAIT 1 acknowledged by 1 replica(s) at replication offset 3768725 (stream
      d030c0bb7826...)
    observedGeneration: 1
    reason: ReplicaAcknowledged
    status: "True"
    type: RedisBarrierEstablished
  - lastTransitionTime: "2026-09-23T00:30:56Z"
    message: immutable RDB minio://checkpoints/ramp-redis-epoch/video-stream-rg-epoch-50.rdb
      (326 bytes, sha256 57018234054a...) frozen at position 28551
    observedGeneration: 1
    reason: SnapshotUploaded
    status: "True"
    type: RedisStateCaptured
  - lastTransitionTime: "2026-09-23T00:31:01Z"
    message: immutable checkpoint minio://checkpoints/checkpoint-video-session-5c6684c9b7-l2hbw_ramp-demo-video-2026-09-23T00:30:56Z.tar
      (10564096 bytes) at position 28551
    observedGeneration: 1
    reason: CheckpointLanded
    status: "True"
    type: VideoStateCaptured
  - lastTransitionTime: "2026-09-23T00:31:01Z"
    message: video checkpoint and immutable redis snapshot both belong to epoch 50
      at logical position 28551 (skew 0)
    observedGeneration: 1
    reason: ConsistentAcrossDrivers
    status: "True"
    type: Validated
  - lastTransitionTime: "2026-09-23T00:31:01Z"
    message: epoch 50 committed at logical position 28551 with 2 immutable artifacts
    observedGeneration: 1
    reason: EpochCommitted
    status: "True"
    type: Committed
  - lastTransitionTime: "2026-09-23T00:31:01Z"
    message: the source application was released after the epoch finished
    observedGeneration: 1
    reason: Resumed
    status: "True"
    type: ApplicationResumed
  lastSuccessfulStage: Committed
  logicalPosition: 28551
  message: epoch 50 committed at logical position 28551 with 2 immutable artifacts
  phase: Committed
  quiesce:
    instanceFingerprint: 831844db-d532-43d9-93ae-be3f3f95b0d0
    message: position held at 28551 across 2 samples 3s apart
    position: 28551
    quiesced: false
    quiescedAt: "2026-09-23T00:30:55Z"
    resumedAt: "2026-09-23T00:31:01Z"
    verifySamples:
    - 28551
    - 28551
  runId: d8741f01-4387-47a6-bcf7-14e9817db581
  timings:
    barrierReached: "2026-09-23T00:30:55Z"
    captureComplete: "2026-09-23T00:31:01Z"
    captureStart: "2026-09-23T00:30:55Z"
    commitTime: "2026-09-23T00:31:01Z"
    prepareStart: "2026-09-23T00:30:51Z"
    quiesceComplete: "2026-09-23T00:30:55Z"
    quiesceStart: "2026-09-23T00:30:51Z"
    redisSnapshotComplete: "2026-09-23T00:30:56Z"
    redisSnapshotStart: "2026-09-23T00:30:55Z"
    resumeTime: "2026-09-23T00:31:01Z"
    validateComplete: "2026-09-23T00:31:01Z"
    videoCheckpointComplete: "2026-09-23T00:31:01Z"
    videoCheckpointStart: "2026-09-23T00:30:56Z"
  validation:
    checkpointPosition: 28551
    checks:
    - detail: quiesced=true at position 28551, samples [28551 28551]
      name: ApplicationQuiescedAtP
      passed: true
    - detail: WAIT 1 -> 1 acks at offset 3768725 for position 28551
      name: RedisBarrierAcknowledgedP
      passed: true
    - detail: minio://checkpoints/ramp-redis-epoch/video-stream-rg-epoch-50.rdb immutable=true
        checksum=57018234054a...
      name: RedisArtifactExists
      passed: true
    - detail: minio://checkpoints/checkpoint-video-session-5c6684c9b7-l2hbw_ramp-demo-video-2026-09-23T00:30:56Z.tar
        immutable=true checksum=c82fae1d6e81...
      name: VideoArtifactExists
      passed: true
    - detail: ramp-redis-epoch/video-stream-rg-epoch-50.rdb present in checkpoints
      name: RedisArtifactReadable
      passed: true
    - detail: all artifacts stamped epoch=50
      name: ArtifactsShareEpoch
      passed: true
    - detail: checkpoint metadata logical position 28551 vs epoch position 28551
      name: VideoArtifactPositionIsP
      passed: true
    - detail: redis snapshot logical position 28551 vs epoch position 28551
      name: RedisArtifactPositionIsP
      passed: true
    - detail: observed skew 0, tolerance 0
      name: CrossMemberSkewWithinTolerance
      passed: true
    - detail: 2 immutable artifacts for 2 members
      name: EveryMemberRepresented
      passed: true
    message: video checkpoint and immutable redis snapshot both belong to epoch 50
      at logical position 28551 (skew 0)
    reason: ConsistentAcrossDrivers
    redisSnapshotPosition: 28551
    replicatedPosition: 28551
    validated: true
T_epoch_observed=2026-09-23T00:31:02+00:00
recovery_point=video-stream-rg-epoch-50
