preparing video-workload01-to-workload02 for video-stream-rg-epoch-51 (epoch 51) on node workload02-md-0-rx5mn-pjkrh
T_prepare_start=2026-09-23T00:32:26+00:00
--- 1/3 staging the checkpoint artifact ---
T_stage_start=2026-09-23T00:32:26+00:00
staging checkpoint-video-session-5c6684c9b7-l2hbw_ramp-demo-video-2026-09-23T00:31:41Z.tar (bucket checkpoints) onto workload02 node workload02-md-0-rx5mn-pjkrh:/var/lib/kubelet/checkpoints
job.batch/ramp-stage-checkpoint-v-8e2060cf created
job.batch/ramp-stage-checkpoint-v-8e2060cf condition met
<string>:13: DeprecationWarning: datetime.datetime.utcnow() is deprecated and scheduled for removal in a future version. Use timezone-aware objects to represent datetimes in UTC: datetime.datetime.now(datetime.UTC).
staged checkpoint-video-session-5c6684c9b7-l2hbw_ramp-demo-video-2026-09-23T00:31:41Z.tar -> /staging/checkpoint-video-session-5c6684c9b7-l2hbw_ramp-demo-video-2026-09-23T00:31:41Z.tar (10564608 bytes)
T_stage_complete=2026-09-23T00:32:33+00:00
--- 2/3 building the CRI checkpoint image on workload02-md-0-rx5mn-pjkrh ---
building docker.io/ramp/checkpoint-video-session:video-stream-rg-epoch-51 from checkpoint-video-session-5c6684c9b7-l2hbw_ramp-demo-video-2026-09-23T00:31:41Z.tar on workload02-md-0-rx5mn-pjkrh
  rewrote rootfs fields -> name=docker.io/library/python:3.12-slim ref=docker.io/library/python:3.12-slim
built OCI checkpoint image archive: /tmp/ramp-ckptimg-3ou92t0d/image.tar (layer 2.7 MB)
  rootfsImageName = docker.io/library/python:3.12-slim
  container.name  = docker.io/ramp/checkpoint-video-session:video-stream-rg-epoch-51
docker.io/ramp/checkpoint video session:	saved	
application/vnd.oci.image.manifest.v1+json sha256:23ce8a761b894259c9fc573f4f57c67c94b5a609e717d21c8283b27666ab97d4
Importing	elapsed: 0.3 s	total:   0.0 B	(0.0 B/s)
imported docker.io/ramp/checkpoint-video-session:video-stream-rg-epoch-51
checkpoint image: docker.io/ramp/checkpoint-video-session:video-stream-rg-epoch-51
--- 3/3 preparing the activation plan ---
T_prepare_start=2026-09-23T00:32:40+00:00
  updated dr:workload02-dr/video-session/deployment.yaml @ 178e7fbe2fea
  updated dr:workload02-dr/video-session/svc.yaml @ ef97531fec03
NAME            SYNC STATUS   HEALTH STATUS
workload02-dr   OutOfSync     Healthy
NAME                            READY   UP-TO-DATE   AVAILABLE   AGE
deployment.apps/video-session   0/0     0            0           18h

NAME                    TYPE       CLUSTER-IP     EXTERNAL-IP   PORT(S)          AGE
service/video-session   NodePort   10.97.18.100   <none>        8080:30808/TCP   18h
T_prepare_complete=2026-09-23T00:32:43+00:00
activation plan prepared for: video-stream-rg-epoch-51 (expected video-stream-rg-epoch-51)
T_prepare_complete=2026-09-23T00:32:45+00:00
CKPT_IMAGE=docker.io/ramp/checkpoint-video-session:video-stream-rg-epoch-51
