T_epoch_requested=2026-09-22T16:21:59+00:00
recoverypoint.ramp.dcn.ssu.ac.kr/video-stream-rg-epoch-46 created
waiting for epoch 46 to reach a terminal phase...
apiVersion: ramp.dcn.ssu.ac.kr/v1alpha1
kind: RecoveryPoint
metadata:
  annotations:
    kubectl.kubernetes.io/last-applied-configuration: |
      {"apiVersion":"ramp.dcn.ssu.ac.kr/v1alpha1","kind":"RecoveryPoint","metadata":{"annotations":{"ramp.dcn.ssu.ac.kr/test-fault-injection":""},"name":"video-stream-rg-epoch-46","namespace":"default"},"spec":{"barrierTimeoutSeconds":30,"captureTimeoutSeconds":300,"epoch":46,"maxPositionSkew":0,"quiesceVerifySeconds":3,"recoveryGroupRef":"video-stream-rg","requiredReplicaAcks":1}}
    ramp.dcn.ssu.ac.kr/test-fault-injection: ""
  creationTimestamp: "2026-09-22T16:21:59Z"
  generation: 1
  name: video-stream-rg-epoch-46
  namespace: default
  resourceVersion: "45729077"
  uid: 2fd8471b-0532-4374-8307-d0bc1f8ef9e6
spec:
  barrierTimeoutSeconds: 30
  captureTimeoutSeconds: 300
  epoch: 46
  maxPositionSkew: 0
  quiesceVerifySeconds: 3
  recoveryGroupRef: video-stream-rg
  requiredReplicaAcks: 1
status:
  artifacts:
  - capturedAt: "2026-09-22T16:22:04Z"
    checksum: e84a948f5e3d8fadf515957c71ee9090735fd202d800585141592f63eb5df2b4
    checksumAlgorithm: sha256
    driver: redis-replication
    epoch: 46
    immutable: true
    logicalPosition: 225
    member: redis
    message: 'synchronous SAVE on the quiesced primary ramp-demo/redis-primary-579fc4d97c-zhms9;
      BGSAVE_STATUS=ok SIZE=324 '
    ref: minio://checkpoints/ramp-redis-epoch/video-stream-rg-epoch-46.rdb
    replicationId: 8a96b146f59d2b050da1f026afedcaa6072283ed
    replicationOffset: 28533
    sizeBytes: 324
    type: redisSnapshot
  - capturedAt: "2026-09-22T16:22:04Z"
    driver: redis-replication
    epoch: 46
    logicalPosition: 225
    member: redis
    message: 'DIAGNOSTIC ONLY: the live stream keeps advancing after commit and cannot
      identify this epoch; recovery uses the redisSnapshot artifact'
    ref: redis-repl://192.168.28.238:30379/28533
    replicationId: 8a96b146f59d2b050da1f026afedcaa6072283ed
    replicationOffset: 28533
    type: replicationState
  - capturedAt: "2026-09-22T16:22:05Z"
    checksum: fe7440518cfc9793ae935b309dc85789
    checksumAlgorithm: etag-md5
    driver: container-checkpoint
    epoch: 46
    immutable: true
    instanceFingerprint: 9ecffb68-d3fb-464a-b5f6-56d50050253c
    logicalPosition: 225
    member: video
    message: kubelet checkpoint took 1.649s while quiesced=true; instance 9ecffb68-d3fb-464a-b5f6-56d50050253c
    nodeName: workload01-md-0-4qfvd-gnqcb
    nodePath: /var/lib/kubelet/checkpoints/checkpoint-video-session-5c6684c9b7-x5hwh_ramp-demo-video-2026-09-22T16:22:04Z.tar
    ref: minio://checkpoints/checkpoint-video-session-5c6684c9b7-x5hwh_ramp-demo-video-2026-09-22T16:22:04Z.tar
    sizeBytes: 10476544
    type: containerCheckpoint
  barrier:
    ackedReplicas: 1
    endpoint: 192.168.28.238:30379
    established: true
    establishedAt: "2026-09-22T16:22:03Z"
    markerOffset: 28533
    message: WAIT 1 acknowledged by 1 replica(s) at replication offset 28533 (stream
      8a96b146f59d...)
    position: 225
    replicationId: 8a96b146f59d2b050da1f026afedcaa6072283ed
    requiredReplicas: 1
  conditions:
  - lastTransitionTime: "2026-09-22T16:21:59Z"
    message: redis primary 192.168.28.238:30379 role=master connectedReplicas=1; artifact
      store bucket checkpoints reachable; checkpoint member ramp-demo/video-session-5c6684c9b7-x5hwh
      reachable on node workload01-md-0-4qfvd-gnqcb
    observedGeneration: 1
    reason: PrerequisitesMet
    status: "True"
    type: Prepared
  - lastTransitionTime: "2026-09-22T16:22:03Z"
    message: position held at 225 across 2 samples 3s apart
    observedGeneration: 1
    reason: QuiesceStage
    status: "True"
    type: ApplicationQuiesced
  - lastTransitionTime: "2026-09-22T16:22:03Z"
    message: WAIT 1 acknowledged by 1 replica(s) at replication offset 28533 (stream
      8a96b146f59d...)
    observedGeneration: 1
    reason: ReplicaAcknowledged
    status: "True"
    type: RedisBarrierEstablished
  - lastTransitionTime: "2026-09-22T16:22:04Z"
    message: immutable RDB minio://checkpoints/ramp-redis-epoch/video-stream-rg-epoch-46.rdb
      (324 bytes, sha256 e84a948f5e3d...) frozen at position 225
    observedGeneration: 1
    reason: SnapshotUploaded
    status: "True"
    type: RedisStateCaptured
  - lastTransitionTime: "2026-09-22T16:22:10Z"
    message: immutable checkpoint minio://checkpoints/checkpoint-video-session-5c6684c9b7-x5hwh_ramp-demo-video-2026-09-22T16:22:04Z.tar
      (10476544 bytes) at position 225
    observedGeneration: 1
    reason: CheckpointLanded
    status: "True"
    type: VideoStateCaptured
  - lastTransitionTime: "2026-09-22T16:22:10Z"
    message: video checkpoint and immutable redis snapshot both belong to epoch 46
      at logical position 225 (skew 0)
    observedGeneration: 1
    reason: ConsistentAcrossDrivers
    status: "True"
    type: Validated
  - lastTransitionTime: "2026-09-22T16:22:10Z"
    message: epoch 46 committed at logical position 225 with 2 immutable artifacts
    observedGeneration: 1
    reason: EpochCommitted
    status: "True"
    type: Committed
  - lastTransitionTime: "2026-09-22T16:22:10Z"
    message: the source application was released after the epoch finished
    observedGeneration: 1
    reason: Resumed
    status: "True"
    type: ApplicationResumed
  lastSuccessfulStage: Committed
  logicalPosition: 225
  message: epoch 46 committed at logical position 225 with 2 immutable artifacts
  phase: Committed
  quiesce:
    instanceFingerprint: 9ecffb68-d3fb-464a-b5f6-56d50050253c
    message: position held at 225 across 2 samples 3s apart
    position: 225
    quiesced: false
    quiescedAt: "2026-09-22T16:22:03Z"
    resumedAt: "2026-09-22T16:22:10Z"
    verifySamples:
    - 225
    - 225
  runId: ea762037-9b84-4498-a331-197a42164104
  timings:
    barrierReached: "2026-09-22T16:22:03Z"
    captureComplete: "2026-09-22T16:22:10Z"
    captureStart: "2026-09-22T16:22:03Z"
    commitTime: "2026-09-22T16:22:10Z"
    prepareStart: "2026-09-22T16:21:59Z"
    quiesceComplete: "2026-09-22T16:22:03Z"
    quiesceStart: "2026-09-22T16:21:59Z"
    redisSnapshotComplete: "2026-09-22T16:22:04Z"
    redisSnapshotStart: "2026-09-22T16:22:03Z"
    resumeTime: "2026-09-22T16:22:10Z"
    validateComplete: "2026-09-22T16:22:10Z"
    videoCheckpointComplete: "2026-09-22T16:22:10Z"
    videoCheckpointStart: "2026-09-22T16:22:04Z"
  validation:
    checkpointPosition: 225
    checks:
    - detail: quiesced=true at position 225, samples [225 225]
      name: ApplicationQuiescedAtP
      passed: true
    - detail: WAIT 1 -> 1 acks at offset 28533 for position 225
      name: RedisBarrierAcknowledgedP
      passed: true
    - detail: minio://checkpoints/ramp-redis-epoch/video-stream-rg-epoch-46.rdb immutable=true
        checksum=e84a948f5e3d...
      name: RedisArtifactExists
      passed: true
    - detail: minio://checkpoints/checkpoint-video-session-5c6684c9b7-x5hwh_ramp-demo-video-2026-09-22T16:22:04Z.tar
        immutable=true checksum=fe7440518cfc...
      name: VideoArtifactExists
      passed: true
    - detail: ramp-redis-epoch/video-stream-rg-epoch-46.rdb present in checkpoints
      name: RedisArtifactReadable
      passed: true
    - detail: all artifacts stamped epoch=46
      name: ArtifactsShareEpoch
      passed: true
    - detail: checkpoint metadata logical position 225 vs epoch position 225
      name: VideoArtifactPositionIsP
      passed: true
    - detail: redis snapshot logical position 225 vs epoch position 225
      name: RedisArtifactPositionIsP
      passed: true
    - detail: observed skew 0, tolerance 0
      name: CrossMemberSkewWithinTolerance
      passed: true
    - detail: 2 immutable artifacts for 2 members
      name: EveryMemberRepresented
      passed: true
    message: video checkpoint and immutable redis snapshot both belong to epoch 46
      at logical position 225 (skew 0)
    reason: ConsistentAcrossDrivers
    redisSnapshotPosition: 225
    replicatedPosition: 225
    validated: true
T_epoch_observed=2026-09-22T16:22:10+00:00
recovery_point=video-stream-rg-epoch-46
