preparing video-workload01-to-workload02 for video-stream-rg-epoch-46 (epoch 46) on node workload02-md-0-rx5mn-pjkrh
T_prepare_start=2026-09-22T16:22:10+00:00
--- 1/3 staging the checkpoint artifact ---
T_stage_start=2026-09-22T16:22:11+00:00
staging checkpoint-video-session-5c6684c9b7-x5hwh_ramp-demo-video-2026-09-22T16:22:04Z.tar (bucket checkpoints) onto workload02 node workload02-md-0-rx5mn-pjkrh:/var/lib/kubelet/checkpoints
job.batch/ramp-stage-checkpoint-v-0c52bd53 created
job.batch/ramp-stage-checkpoint-v-0c52bd53 condition met
<string>:13: DeprecationWarning: datetime.datetime.utcnow() is deprecated and scheduled for removal in a future version. Use timezone-aware objects to represent datetimes in UTC: datetime.datetime.now(datetime.UTC).
staged checkpoint-video-session-5c6684c9b7-x5hwh_ramp-demo-video-2026-09-22T16:22:04Z.tar -> /staging/checkpoint-video-session-5c6684c9b7-x5hwh_ramp-demo-video-2026-09-22T16:22:04Z.tar (10476544 bytes)
T_stage_complete=2026-09-22T16:22:16+00:00
--- 2/3 building the CRI checkpoint image on workload02-md-0-rx5mn-pjkrh ---
building docker.io/ramp/checkpoint-video-session:video-stream-rg-epoch-46 from checkpoint-video-session-5c6684c9b7-x5hwh_ramp-demo-video-2026-09-22T16:22:04Z.tar on workload02-md-0-rx5mn-pjkrh
  rewrote rootfs fields -> name=docker.io/library/python:3.12-slim ref=docker.io/library/python:3.12-slim
built OCI checkpoint image archive: /tmp/ramp-ckptimg-ep4kqa5q/image.tar (layer 2.7 MB)
  rootfsImageName = docker.io/library/python:3.12-slim
  container.name  = docker.io/ramp/checkpoint-video-session:video-stream-rg-epoch-46
docker.io/ramp/checkpoint video session:	saved	
application/vnd.oci.image.manifest.v1+json sha256:5ab3db7084bd3d9077a6ed43583e56656784ca180e388a7ef5f41c22379fda72
Importing	elapsed: 0.4 s	total:   0.0 B	(0.0 B/s)
imported docker.io/ramp/checkpoint-video-session:video-stream-rg-epoch-46
checkpoint image: docker.io/ramp/checkpoint-video-session:video-stream-rg-epoch-46
--- 3/3 preparing the activation plan ---
T_prepare_start=2026-09-22T16:22:22+00:00
  updated dr:workload02-dr/video-session/deployment.yaml @ a2db4bf3cee5
  updated dr:workload02-dr/video-session/svc.yaml @ 668f8ab418f0
NAME            SYNC STATUS   HEALTH STATUS
workload02-dr   OutOfSync     Healthy
NAME                            READY   UP-TO-DATE   AVAILABLE   AGE
deployment.apps/video-session   0/0     0            0           10h

NAME                    TYPE       CLUSTER-IP     EXTERNAL-IP   PORT(S)          AGE
service/video-session   NodePort   10.97.18.100   <none>        8080:30808/TCP   10h
T_prepare_complete=2026-09-22T16:22:25+00:00
activation plan prepared for: video-stream-rg-epoch-46 (expected video-stream-rg-epoch-46)
T_prepare_complete=2026-09-22T16:22:27+00:00
CKPT_IMAGE=docker.io/ramp/checkpoint-video-session:video-stream-rg-epoch-46
