T_epoch_requested=2026-09-22T16:22:34+00:00
recoverypoint.ramp.dcn.ssu.ac.kr/video-stream-rg-epoch-47 created
waiting for epoch 47 to reach a terminal phase...
apiVersion: ramp.dcn.ssu.ac.kr/v1alpha1
kind: RecoveryPoint
metadata:
  annotations:
    kubectl.kubernetes.io/last-applied-configuration: |
      {"apiVersion":"ramp.dcn.ssu.ac.kr/v1alpha1","kind":"RecoveryPoint","metadata":{"annotations":{"ramp.dcn.ssu.ac.kr/test-fault-injection":""},"name":"video-stream-rg-epoch-47","namespace":"default"},"spec":{"barrierTimeoutSeconds":30,"captureTimeoutSeconds":300,"epoch":47,"maxPositionSkew":0,"quiesceVerifySeconds":3,"recoveryGroupRef":"video-stream-rg","requiredReplicaAcks":1}}
    ramp.dcn.ssu.ac.kr/test-fault-injection: ""
  creationTimestamp: "2026-09-22T16:22:35Z"
  generation: 1
  name: video-stream-rg-epoch-47
  namespace: default
  resourceVersion: "45729427"
  uid: 63ddb274-63d8-4a64-bfdf-5b93180583fe
spec:
  barrierTimeoutSeconds: 30
  captureTimeoutSeconds: 300
  epoch: 47
  maxPositionSkew: 0
  quiesceVerifySeconds: 3
  recoveryGroupRef: video-stream-rg
  requiredReplicaAcks: 1
status:
  artifacts:
  - capturedAt: "2026-09-22T16:22:40Z"
    checksum: 945d6cf7cfad9ffea856ce9eb337d0a85f88c4e86c121e1c3e7d52e9791bac08
    checksumAlgorithm: sha256
    driver: redis-replication
    epoch: 47
    immutable: true
    logicalPosition: 250
    member: redis
    message: 'synchronous SAVE on the quiesced primary ramp-demo/redis-primary-579fc4d97c-zhms9;
      BGSAVE_STATUS=ok SIZE=351 '
    ref: minio://checkpoints/ramp-redis-epoch/video-stream-rg-epoch-47.rdb
    replicationId: 8a96b146f59d2b050da1f026afedcaa6072283ed
    replicationOffset: 31988
    sizeBytes: 351
    type: redisSnapshot
  - capturedAt: "2026-09-22T16:22:40Z"
    driver: redis-replication
    epoch: 47
    logicalPosition: 250
    member: redis
    message: 'DIAGNOSTIC ONLY: the live stream keeps advancing after commit and cannot
      identify this epoch; recovery uses the redisSnapshot artifact'
    ref: redis-repl://192.168.28.238:30379/31988
    replicationId: 8a96b146f59d2b050da1f026afedcaa6072283ed
    replicationOffset: 31988
    type: replicationState
  - capturedAt: "2026-09-22T16:22:41Z"
    checksum: 13d30d5c1607c1c8f8ce2e3ade908ed5
    checksumAlgorithm: etag-md5
    driver: container-checkpoint
    epoch: 47
    immutable: true
    instanceFingerprint: 9ecffb68-d3fb-464a-b5f6-56d50050253c
    logicalPosition: 250
    member: video
    message: kubelet checkpoint took 1.063s while quiesced=true; instance 9ecffb68-d3fb-464a-b5f6-56d50050253c
    nodeName: workload01-md-0-4qfvd-gnqcb
    nodePath: /var/lib/kubelet/checkpoints/checkpoint-video-session-5c6684c9b7-x5hwh_ramp-demo-video-2026-09-22T16:22:40Z.tar
    ref: minio://checkpoints/checkpoint-video-session-5c6684c9b7-x5hwh_ramp-demo-video-2026-09-22T16:22:40Z.tar
    sizeBytes: 10476544
    type: containerCheckpoint
  barrier:
    ackedReplicas: 1
    endpoint: 192.168.28.238:30379
    established: true
    establishedAt: "2026-09-22T16:22:40Z"
    markerOffset: 31988
    message: WAIT 1 acknowledged by 1 replica(s) at replication offset 31988 (stream
      8a96b146f59d...)
    position: 250
    replicationId: 8a96b146f59d2b050da1f026afedcaa6072283ed
    requiredReplicas: 1
  conditions:
  - lastTransitionTime: "2026-09-22T16:22:35Z"
    message: redis primary 192.168.28.238:30379 role=master connectedReplicas=1; artifact
      store bucket checkpoints reachable; checkpoint member ramp-demo/video-session-5c6684c9b7-x5hwh
      reachable on node workload01-md-0-4qfvd-gnqcb
    observedGeneration: 1
    reason: PrerequisitesMet
    status: "True"
    type: Prepared
  - lastTransitionTime: "2026-09-22T16:22:40Z"
    message: position held at 250 across 2 samples 3s apart
    observedGeneration: 1
    reason: QuiesceStage
    status: "True"
    type: ApplicationQuiesced
  - lastTransitionTime: "2026-09-22T16:22:40Z"
    message: WAIT 1 acknowledged by 1 replica(s) at replication offset 31988 (stream
      8a96b146f59d...)
    observedGeneration: 1
    reason: ReplicaAcknowledged
    status: "True"
    type: RedisBarrierEstablished
  - lastTransitionTime: "2026-09-22T16:22:40Z"
    message: immutable RDB minio://checkpoints/ramp-redis-epoch/video-stream-rg-epoch-47.rdb
      (351 bytes, sha256 945d6cf7cfad...) frozen at position 250
    observedGeneration: 1
    reason: SnapshotUploaded
    status: "True"
    type: RedisStateCaptured
  - lastTransitionTime: "2026-09-22T16:22:45Z"
    message: immutable checkpoint minio://checkpoints/checkpoint-video-session-5c6684c9b7-x5hwh_ramp-demo-video-2026-09-22T16:22:40Z.tar
      (10476544 bytes) at position 250
    observedGeneration: 1
    reason: CheckpointLanded
    status: "True"
    type: VideoStateCaptured
  - lastTransitionTime: "2026-09-22T16:22:45Z"
    message: video checkpoint and immutable redis snapshot both belong to epoch 47
      at logical position 250 (skew 0)
    observedGeneration: 1
    reason: ConsistentAcrossDrivers
    status: "True"
    type: Validated
  - lastTransitionTime: "2026-09-22T16:22:45Z"
    message: epoch 47 committed at logical position 250 with 2 immutable artifacts
    observedGeneration: 1
    reason: EpochCommitted
    status: "True"
    type: Committed
  - lastTransitionTime: "2026-09-22T16:22:45Z"
    message: the source application was released after the epoch finished
    observedGeneration: 1
    reason: Resumed
    status: "True"
    type: ApplicationResumed
  lastSuccessfulStage: Committed
  logicalPosition: 250
  message: epoch 47 committed at logical position 250 with 2 immutable artifacts
  phase: Committed
  quiesce:
    instanceFingerprint: 9ecffb68-d3fb-464a-b5f6-56d50050253c
    message: position held at 250 across 2 samples 3s apart
    position: 250
    quiesced: false
    quiescedAt: "2026-09-22T16:22:40Z"
    resumedAt: "2026-09-22T16:22:45Z"
    verifySamples:
    - 250
    - 250
  runId: ea762037-9b84-4498-a331-197a42164104
  timings:
    barrierReached: "2026-09-22T16:22:40Z"
    captureComplete: "2026-09-22T16:22:45Z"
    captureStart: "2026-09-22T16:22:40Z"
    commitTime: "2026-09-22T16:22:45Z"
    prepareStart: "2026-09-22T16:22:35Z"
    quiesceComplete: "2026-09-22T16:22:40Z"
    quiesceStart: "2026-09-22T16:22:35Z"
    redisSnapshotComplete: "2026-09-22T16:22:40Z"
    redisSnapshotStart: "2026-09-22T16:22:40Z"
    resumeTime: "2026-09-22T16:22:45Z"
    validateComplete: "2026-09-22T16:22:45Z"
    videoCheckpointComplete: "2026-09-22T16:22:45Z"
    videoCheckpointStart: "2026-09-22T16:22:40Z"
  validation:
    checkpointPosition: 250
    checks:
    - detail: quiesced=true at position 250, samples [250 250]
      name: ApplicationQuiescedAtP
      passed: true
    - detail: WAIT 1 -> 1 acks at offset 31988 for position 250
      name: RedisBarrierAcknowledgedP
      passed: true
    - detail: minio://checkpoints/ramp-redis-epoch/video-stream-rg-epoch-47.rdb immutable=true
        checksum=945d6cf7cfad...
      name: RedisArtifactExists
      passed: true
    - detail: minio://checkpoints/checkpoint-video-session-5c6684c9b7-x5hwh_ramp-demo-video-2026-09-22T16:22:40Z.tar
        immutable=true checksum=13d30d5c1607...
      name: VideoArtifactExists
      passed: true
    - detail: ramp-redis-epoch/video-stream-rg-epoch-47.rdb present in checkpoints
      name: RedisArtifactReadable
      passed: true
    - detail: all artifacts stamped epoch=47
      name: ArtifactsShareEpoch
      passed: true
    - detail: checkpoint metadata logical position 250 vs epoch position 250
      name: VideoArtifactPositionIsP
      passed: true
    - detail: redis snapshot logical position 250 vs epoch position 250
      name: RedisArtifactPositionIsP
      passed: true
    - detail: observed skew 0, tolerance 0
      name: CrossMemberSkewWithinTolerance
      passed: true
    - detail: 2 immutable artifacts for 2 members
      name: EveryMemberRepresented
      passed: true
    message: video checkpoint and immutable redis snapshot both belong to epoch 47
      at logical position 250 (skew 0)
    reason: ConsistentAcrossDrivers
    redisSnapshotPosition: 250
    replicatedPosition: 250
    validated: true
T_epoch_observed=2026-09-22T16:22:46+00:00
recovery_point=video-stream-rg-epoch-47
