preparing video-workload01-to-workload02 for video-stream-rg-epoch-45 (epoch 45) on node workload02-md-0-rx5mn-pjkrh
T_prepare_start=2026-09-22T16:18:20+00:00
--- 1/3 staging the checkpoint artifact ---
T_stage_start=2026-09-22T16:18:20+00:00
staging checkpoint-video-session-5c6684c9b7-q2r4b_ramp-demo-video-2026-09-22T16:15:18Z.tar (bucket checkpoints) onto workload02 node workload02-md-0-rx5mn-pjkrh:/var/lib/kubelet/checkpoints
job.batch/ramp-stage-checkpoint-v-cb61c0b7 created
job.batch/ramp-stage-checkpoint-v-cb61c0b7 condition met
already staged: /staging/checkpoint-video-session-5c6684c9b7-q2r4b_ramp-demo-video-2026-09-22T16:15:18Z.tar (10559488 bytes)
T_stage_complete=2026-09-22T16:18:26+00:00
--- 2/3 building the CRI checkpoint image on workload02-md-0-rx5mn-pjkrh ---
building docker.io/ramp/checkpoint-video-session:video-stream-rg-epoch-45 from checkpoint-video-session-5c6684c9b7-q2r4b_ramp-demo-video-2026-09-22T16:15:18Z.tar on workload02-md-0-rx5mn-pjkrh
  rewrote rootfs fields -> name=docker.io/library/python:3.12-slim ref=docker.io/library/python:3.12-slim
built OCI checkpoint image archive: /tmp/ramp-ckptimg-at4isuid/image.tar (layer 2.7 MB)
  rootfsImageName = docker.io/library/python:3.12-slim
  container.name  = docker.io/ramp/checkpoint-video-session:video-stream-rg-epoch-45
docker.io/ramp/checkpoint video session:	saved	
application/vnd.oci.image.manifest.v1+json sha256:f437db666cbc9bad6683fe849527a0142869aba7fd45123223ac787c9fd0c1e9
Importing	elapsed: 0.2 s	total:   0.0 B	(0.0 B/s)
imported docker.io/ramp/checkpoint-video-session:video-stream-rg-epoch-45
checkpoint image: docker.io/ramp/checkpoint-video-session:video-stream-rg-epoch-45
--- 3/3 preparing the activation plan ---
T_prepare_start=2026-09-22T16:18:33+00:00
  updated dr:workload02-dr/video-session/deployment.yaml @ d5b2d68f65f2
  updated dr:workload02-dr/video-session/svc.yaml @ b4366b2b5738
NAME            SYNC STATUS   HEALTH STATUS
workload02-dr   OutOfSync     Healthy
NAME                            READY   UP-TO-DATE   AVAILABLE   AGE
deployment.apps/video-session   0/0     0            0           10h

NAME                    TYPE       CLUSTER-IP     EXTERNAL-IP   PORT(S)          AGE
service/video-session   NodePort   10.97.18.100   <none>        8080:30808/TCP   10h
T_prepare_complete=2026-09-22T16:18:36+00:00
activation plan prepared for: video-stream-rg-epoch-45 (expected video-stream-rg-epoch-45)
T_prepare_complete=2026-09-22T16:18:38+00:00
CKPT_IMAGE=docker.io/ramp/checkpoint-video-session:video-stream-rg-epoch-45
